  ID     NAME    IMAGE       STATE      STATUS        PORTS                   CREATED_AT
------+------+----------+---------+------------+----------------------+--------------------------------
  abc    api     repo:tag    running    Up 2 hours    0.0.0.0:8080->80/tcp    2026-06-11 10:00:00 +0000 UTC
